HTTP/1.1 200 OK
Content-Type: text/plain
Content-Length: 196

port 8080;
location /static {
  static ../tests/static_folder;
}
location /static1 {
  static ../tests/static_folder1;
}
location /testing/folder {
  static ../tests;
}
location /echo {
  echo;
}
