HTTP/1.1 404 Not Found
Content-Type: text/plain
Content-Length: 42

This requested resource could not be found
