HTTP/1.1 200 OK
Content-Type: text/html
Content-Length: 21

This is Team Juzang!
