POST /echo HTTP/1.1
Host: localhost:8080
User-Agent: curl/7.68.0
Accept: */*
Content-Length: 24
Content-Type: application/x-www-form-urlencoded

password=juzang-password