HTTP/1.1 400 Bad Request
Content-Type: text/plain
Content-Length: 23

Bad HTTP request given
