HTTP/1.1 200 OK
Content-Type: image/jpeg
Content-Length: 0

